Pointwise |(H-E)Ψ|/R² at the angles of the ψ₃₀ paper (Z=2, ground-state E, a₂₁):

(α,θ)=(1.1,1.2): s₀=17.4920 s₁=-0.5452  ψ₄₂=-0.00167 ψ₄₁=-0.03276  s₀'=s₀-6ψ₄₁-ψ₄₂=17.6902
       R           Ψ⁽³⁾           +ψ₄₂       +ψ₄₂+ψ₄₁ +ψ₄₀ (all k=4)
   1e-06      25.023850      24.749001      17.690225       0.000014
   1e-04      22.512497      22.329889      17.689411       0.001372
   1e-03      21.250931      21.114733      17.682506       0.013223
   1e-02      19.936906      19.848145      17.618827       0.126078
   5e-02      18.811612      18.756921      17.356636       0.600511
   1e-01      18.133051      18.092759      17.044896       1.163056
   2e-01      17.166728      17.139964      16.445167       2.216077
   3e-01      16.366988      16.347522      15.863460       3.186648
   5e-01      14.948485      14.937684      14.730437       4.904116

(α,θ)=(0.4,0.7): s₀=18.1012 s₁=-0.6782  ψ₄₂=0.00384 ψ₄₁=-0.02698  s₀'=s₀-6ψ₄₁-ψ₄₂=18.2592
       R           Ψ⁽³⁾           +ψ₄₂       +ψ₄₂+ψ₄₁ +ψ₄₀ (all k=4)
   1e-06      27.470736      28.103101      18.259230       0.000029
   1e-04      24.347101      24.767049      18.258167       0.002234
   1e-03      22.781714      23.093983      18.250967       0.019815
   1e-02      21.184762      21.384135      18.197255       0.177070
   5e-02      19.944864      20.060437      18.009179       0.819320
   1e-01      19.295424      19.376006      17.804272       1.578131
   2e-01      18.475273      18.525007      17.431533       3.012628
   3e-01      17.856750      17.891596      17.083647       4.360878
   5e-01      16.834856      16.854215      16.425621       6.835442

(α,θ)=(2.2,2.4): s₀=16.1067 s₁=1.2617  ψ₄₂=0.00177 ψ₄₁=0.09936  s₀'=s₀-6ψ₄₁-ψ₄₂=15.5088
       R           Ψ⁽³⁾           +ψ₄₂       +ψ₄₂+ψ₄₁ +ψ₄₀ (all k=4)
   1e-06       1.324791       1.032867      15.508819       0.000001
   1e-04       4.485614       4.679553      15.509163       0.000219
   1e-03       7.389032       7.533614      15.510408       0.004110
   1e-02      10.267306      10.361242      15.504401       0.061216
   5e-02      12.148779      12.206148      15.411226       0.375956
   1e-01      12.816306      12.858251      15.245881       0.805531
   2e-01      13.247869      13.275465      14.844697       1.692757
   3e-01      13.294620      13.314598      14.391063       2.575875
   5e-01      12.970568      12.981655      13.397207       4.259024

L² grid: 2160 nodes, 4 threads
grid evaluated in 449 s

‖(H-E)Ψ‖/R² over the angles
       R           Ψ⁽³⁾           +ψ₄₂       +ψ₄₂+ψ₄₁ +ψ₄₀ (all k=4)
   1e-06      26.128627      26.120772      21.478503       0.000020
   1e-04      23.421431      23.416892      21.477866       0.001680
   1e-03      22.448977      22.445837      21.472030       0.015615
   1e-02      21.726477      21.724164      21.412956       0.147645
   5e-02      21.187594      21.185300      21.147274       0.714070
   1e-01      20.784961      20.782670      20.812632       1.401266
   2e-01      20.076517      20.074478      20.139384       2.718798
   3e-01      19.397769      19.396109      19.463123       3.963189
   5e-01      18.063077      18.062192      18.106408       6.233843
